

================================================================
== Vivado HLS Report for 'fir'
================================================================
* Date:           Tue Aug 25 15:35:27 2020

* Version:        2018.3 (Build 2405991 on Thu Dec 06 23:56:15 MST 2018)
* Project:        Vivado_HLS
* Solution:       solution1
* Product family: aartix7
* Target device:  xa7a12tcsg325-1q


================================================================
== Performance Estimates
================================================================
+ Timing (ns): 
    * Summary: 
    +--------+-------+----------+------------+
    |  Clock | Target| Estimated| Uncertainty|
    +--------+-------+----------+------------+
    |ap_clk  |  10.00|     8.470|        1.25|
    +--------+-------+----------+------------+

+ Latency (clock cycles): 
    * Summary: 
    +-----+-----+-----+-----+---------+
    |  Latency  |  Interval | Pipeline|
    | min | max | min | max |   Type  |
    +-----+-----+-----+-----+---------+
    |   23|   45|   23|   45|   none  |
    +-----+-----+-----+-----+---------+

    + Detail: 
        * Instance: 
        N/A

        * Loop: 
        +--------------------+-----+-----+----------+-----------+-----------+------+----------+
        |                    |  Latency  | Iteration|  Initiation Interval  | Trip |          |
        |      Loop Name     | min | max |  Latency |  achieved |   target  | Count| Pipelined|
        +--------------------+-----+-----+----------+-----------+-----------+------+----------+
        |- Shift_Accum_Loop  |   22|   44|   2 ~ 4  |          -|          -|    11|    no    |
        +--------------------+-----+-----+----------+-----------+-----------+------+----------+



================================================================
== Utilization Estimates
================================================================
* Summary: 
+-----------------+---------+-------+-------+------+
|       Name      | BRAM_18K| DSP48E|   FF  |  LUT |
+-----------------+---------+-------+-------+------+
|DSP              |        -|      -|      -|     -|
|Expression       |        -|      4|      0|   107|
|FIFO             |        -|      -|      -|     -|
|Instance         |        -|      -|      -|     -|
|Memory           |        0|      -|     74|     8|
|Multiplexer      |        -|      -|      -|   120|
|Register         |        -|      -|    213|     -|
+-----------------+---------+-------+-------+------+
|Total            |        0|      4|    287|   235|
+-----------------+---------+-------+-------+------+
|Available        |       40|     40|  16000|  8000|
+-----------------+---------+-------+-------+------+
|Utilization (%)  |        0|     10|      1|     2|
+-----------------+---------+-------+-------+------+

+ Detail: 
    * Instance: 
    N/A

    * DSP48: 
    N/A

    * Memory: 
    +-------------+---------------+---------+----+----+------+-----+------+-------------+
    |    Memory   |     Module    | BRAM_18K| FF | LUT| Words| Bits| Banks| W*Bits*Banks|
    +-------------+---------------+---------+----+----+------+-----+------+-------------+
    |C1_U         |fir_C1         |        0|  10|   2|    11|   10|     1|          110|
    |shift_reg_U  |fir_shift_reg  |        0|  64|   6|    11|   32|     1|          352|
    +-------------+---------------+---------+----+----+------+-----+------+-------------+
    |Total        |               |        0|  74|   8|    22|   42|     2|          462|
    +-------------+---------------+---------+----+----+------+-----+------+-------------+

    * FIFO: 
    N/A

    * Expression: 
    +-----------------+----------+-------+---+----+------------+------------+
    |  Variable Name  | Operation| DSP48E| FF| LUT| Bitwidth P0| Bitwidth P1|
    +-----------------+----------+-------+---+----+------------+------------+
    |tmp_2_fu_134_p2  |     *    |      2|  0|  21|          32|           6|
    |tmp_6_fu_171_p2  |     *    |      2|  0|  21|          32|          10|
    |acc_1_fu_176_p2  |     +    |      0|  0|  39|          32|          32|
    |grp_fu_127_p2    |     +    |      0|  0|  15|           5|           2|
    |tmp_1_fu_152_p2  |   icmp   |      0|  0|  11|           5|           1|
    +-----------------+----------+-------+---+----+------------+------------+
    |Total            |          |      4|  0| 107|         106|          51|
    +-----------------+----------+-------+---+----+------------+------------+

    * Multiplexer: 
    +-------------------------------+----+-----------+-----+-----------+
    |              Name             | LUT| Input Size| Bits| Total Bits|
    +-------------------------------+----+-----------+-----+-----------+
    |acc_reg_93                     |   9|          2|   32|         64|
    |ap_NS_fsm                      |  33|          6|    1|          6|
    |ap_phi_mux_p_pn_phi_fu_121_p4  |   9|          2|   32|         64|
    |grp_fu_127_p0                  |  15|          3|    5|         15|
    |i_reg_106                      |   9|          2|    5|         10|
    |p_pn_reg_118                   |   9|          2|   32|         64|
    |shift_reg_address0             |  21|          4|    4|         16|
    |shift_reg_d0                   |  15|          3|   32|         96|
    +-------------------------------+----+-----------+-----+-----------+
    |Total                          | 120|         24|  143|        335|
    +-------------------------------+----+-----------+-----+-----------+

    * Register: 
    +------------------------+----+----+-----+-----------+
    |          Name          | FF | LUT| Bits| Const Bits|
    +------------------------+----+----+-----+-----------+
    |C1_load_reg_219         |  10|   0|   10|          0|
    |acc_reg_93              |  32|   0|   32|          0|
    |ap_CS_fsm               |   5|   0|    5|          0|
    |i_reg_106               |   5|   0|    5|          0|
    |p_pn_reg_118            |  32|   0|   32|          0|
    |shift_reg_load_reg_214  |  32|   0|   32|          0|
    |tmp_1_reg_195           |   1|   0|    1|          0|
    |tmp_2_reg_187           |  32|   0|   32|          0|
    |tmp_5_reg_204           |  32|   0|   64|         32|
    |tmp_6_reg_224           |  32|   0|   32|          0|
    +------------------------+----+----+-----+-----------+
    |Total                   | 213|   0|  245|         32|
    +------------------------+----+----+-----+-----------+



================================================================
== Interface
================================================================
* Summary: 
+----------+-----+-----+------------+--------------+--------------+
| RTL Ports| Dir | Bits|  Protocol  | Source Object|    C Type    |
+----------+-----+-----+------------+--------------+--------------+
|ap_clk    |  in |    1| ap_ctrl_hs |      fir     | return value |
|ap_rst    |  in |    1| ap_ctrl_hs |      fir     | return value |
|ap_start  |  in |    1| ap_ctrl_hs |      fir     | return value |
|ap_done   | out |    1| ap_ctrl_hs |      fir     | return value |
|ap_idle   | out |    1| ap_ctrl_hs |      fir     | return value |
|ap_ready  | out |    1| ap_ctrl_hs |      fir     | return value |
|y         | out |   32|   ap_vld   |       y      |    pointer   |
|y_ap_vld  | out |    1|   ap_vld   |       y      |    pointer   |
|x         |  in |   32|   ap_none  |       x      |    scalar    |
+----------+-----+-----+------------+--------------+--------------+

